main.c:239:6:set_light	16	static
main.c:243:6:set_red	16	static
main.c:247:6:set_green	16	static
main.c:251:6:set_yellow	16	static
main.c:255:6:save_state	8	static
main.c:261:6:next_mode	4	static
main.c:266:6:apply_state	32	static
main.c:273:6:apply_mode	16	static
main.c:283:6:apply_button	16	static
main.c:294:6:prepare_default_states	8	static
main.c:352:13:send_uart_message	16	static
main.c:363:20:send_cmd_msg	16	static
main.c:367:13:send_cmd_newline	8	static
main.c:371:13:send_cmd_msg_newline	16	static
main.c:376:13:string_equals	16	static
main.c:380:13:starts_with	16	static
main.c:384:13:normalize_cmd_buffer	24	static
main.c:405:12:parse_cmd	8	static
main.c:415:13:handle_int_on_command	8	static
main.c:421:13:handle_int_off_command	8	static
main.c:427:13:handle_set_command	16	static
main.c:436:25:create_mode_state_from_char	32	static
main.c:453:13:handle_create_command	48	static
main.c:475:13:copy_created_mode_to	24	static
main.c:485:13:handle_create_command_delay	272	static
main.c:508:13:handle_command_not_found	8	static
main.c:513:13:handle_cmd_command	16	static
main.c:528:13:reset_cmd_buffer	8	static
main.c:532:13:handle_cmd_overflow	16	static
main.c:539:13:append_recieved_char	16	static
main.c:545:13:handle_uart	16	static
main.c:585:13:uart_init	8	static
main.c:590:6:HAL_UART_RxCpltCallback	16	static
main.c:595:6:HAL_UART_TxCpltCallback	16	static
main.c:606:5:main	8	static
main.c:670:6:SystemClock_Config	88	static
main.c:713:6:Error_Handler	4	static,ignoring_inline_asm
